// Jest Snapshot v1, https://goo.gl/fbAQLP

exports[`PropertyContainer renders correctly 1`] = `
<View
  style={
    {
      "flexDirection": "row",
      "justifyContent": "space-between",
      "paddingVertical": 10,
    }
  }
>
  <View>
    <Text>
      Soy un texto
    </Text>
  </View>
</View>
`;
